
> build
> vite build

[36mvite v8.0.8 [32mbuilding client environment for production...[36m[39m
[2K
transforming...Γ£ô 59 modules transformed.
node.exe : [31mΓ£ù[39m Build failed in 295ms
En línea: 1 Carácter: 1
+ & "C:\Program Files\nodejs/node.exe" "C:\Program Files\nodejs/node_mo ...
+ ~~~~~~~~~~~~~~~~~~~~~~~~~~~~~~~~~~~~~~~~~~~~~~~~~~~~~~~~~~~~~~~~~~~~~
    + CategoryInfo          : NotSpecified: ([31mΓ£ù[39m Build failed in 295ms:String) [], RemoteException
    + FullyQualifiedErrorId : NativeCommandError
 
[31merror during build:
[31mBuild failed with 2 errors:

[31m[PARSE_ERROR] Error:[0m Missing initializer in const declaration
     [38;5;246mΓò¡[0m[38;5;246mΓöÇ[0m[38;5;246m[[0m src/features/games/trivia.js:106:5 [38;5;246m][0m
     [38;5;246mΓöé[0m
 [38;5;246m106 Γöé[0m [38;5;249m [0m[38;5;249m [0m[38;5;249m [0m[38;5;249m [0masync[38;5;249m [0m[38;5;249
ms[0m[38;5;249mt[0m[38;5;249ma[0m[38;5;249mr[0m[38;5;249mt[0m[38;5;249m([0m[38;5;249m)[0m[38;5;249m 
[0m[38;5;249m{[0m
 [38;5;240m    Γöé[0m     ΓöÇΓöÇΓö¼ΓöÇΓöÇ  
 [38;5;240m    Γöé[0m       Γò░ΓöÇΓöÇΓöÇΓöÇ 
 [38;5;240m    Γöé[0m 
 [38;5;240m    Γöé[0m [38;5;115mHelp[0m: Add an initializer (e.g. ` = undefined`) here
[38;5;246mΓöÇΓöÇΓöÇΓöÇΓöÇΓò»[0m

[31m[PARSE_ERROR] Error:[0m Expected a semicolon or an implicit semicolon after a statement, but found none
     [38;5;246mΓò¡[0m[38;5;246mΓöÇ[0m[38;5;246m[[0m src/features/games/trivia.js:106:10 [38;5;246m][0m
     [38;5;246mΓöé[0m
 [38;5;246m106 Γöé[0m [38;5;249m [0m[38;5;249m [0m[38;5;249m [0m[38;5;249m 
[0m[38;5;249ma[0m[38;5;249ms[0m[38;5;249my[0m[38;5;249mn[0m[38;5;249mc[0m[38;5;249m [0m[38;5;249ms[0m[3
8;5;249mt[0m[38;5;249ma[0m[38;5;249mr[0m[38;5;249mt[0m[38;5;249m([0m[38;5;249m)[0m[38;5;249m 
[0m[38;5;249m{[0m
 [38;5;240m    Γöé[0m          Γöé 
 [38;5;240m    Γöé[0m          Γò░ΓöÇ 
 [38;5;240m    Γöé[0m 
 [38;5;240m    Γöé[0m [38;5;115mHelp[0m: Try inserting a semicolon here
[38;5;246mΓöÇΓöÇΓöÇΓöÇΓöÇΓò»[0m
[31m
    at aggregateBindingErrorsIntoJsError 
(file:///C:/Users/Brian/Desktop/Projects/book-review-app/node_modules/rolldown/dist/shared/error-w0u7biK-.mjs:48:18)
    at unwrapBindingResult 
(file:///C:/Users/Brian/Desktop/Projects/book-review-app/node_modules/rolldown/dist/shared/error-w0u7biK-.mjs:18:128)
    at #build (file:///C:/Users/Brian/Desktop/Projects/book-review-app/node_modules/rolldown/dist/shared/rolldown-build
-DtGk-m96.mjs:3313:34)
    at async buildEnvironment 
(file:///C:/Users/Brian/Desktop/Projects/book-review-app/node_modules/vite/dist/node/chunks/node.js:32954:64)
    at async Object.build 
(file:///C:/Users/Brian/Desktop/Projects/book-review-app/node_modules/vite/dist/node/chunks/node.js:33376:19)
    at async Object.buildApp 
(file:///C:/Users/Brian/Desktop/Projects/book-review-app/node_modules/vite/dist/node/chunks/node.js:33373:153)
    at async CAC.<anonymous> 
(file:///C:/Users/Brian/Desktop/Projects/book-review-app/node_modules/vite/dist/node/cli.js:778:3) {
  errors: [Getter/Setter]
}[39m
